*****************************************************************
      SolidWorks 公司 - IGES 处理器状态报告
*****************************************************************
=================================================================
总信息
=================================================================
发送系统产品 I.D.  : 装配体1
接收系统产品 I.D.  : 装配体1
文件名称                    : D:\sw钣金工程师精英课程\第8课   钣金各种标准门板封板间隙预留尺寸\标准门缝间隙预留  单开门板 双开门板 焊接封板\方通机架门板 钣金电箱折弯门板 型材架门板  所有标准间隙预留 总装配体案例.IGS
发送系统              : SolidWorks 2020
预处理器版本         : SolidWorks 2020
文件生成日期          : 231219.121611
模型生成日期         : 231219.121611
单位                        : MM
模型空间比例            : 1
作者                       : Administrator
组织                 : 


=================================================================
实体处理信息
=================================================================


=================================================================
IGES 文件的精度分析：
=================================================================
  有效位数的最普遍的数:               2
  有效位数的最大数:                     11
  有效位数的平均数:                2.07254
  与原点的最大距离:                           1371.1
  与原点的最小距离:                                0
  有效位数的有效数:                   11


=================================================================
实体概要
=================================================================
-----------------------------------------------------------------
类型名称                                         记数转换
---- ----                                         ----- ---------
100  Arc                                           1768      1768
102  Composite curve                               5302      5302
110  Line                                         11072     11072
120  Surface of revolution                          729       729
124  Transformation matrix                         1461      1461
126  Rational B-spline curve                      15182     15182
128  Rational B-spline surface                     1688      1688
142  Curve on a parametric surface                 2651      2651
144  Trimmed parametric surface                    2417      2417
308  Subfigure definition                            17        17
314  Color definition                                87        87
408  Singular subfigure instance                     34        34
_________________________________________________________________


=================================================================
结果概要
=================================================================
SolidWorks 特征类型                记数
-----------------------                -----
实体特征                       53
曲面特征                     0
曲线/草图特征                0
--------------------------------------------
开始时间: 星期四, 四月 25, 2024 19:40:39
结束时间: 星期四, 四月 25, 2024 19:41:07
处理时间: 0 days, 00 hours, 00 mins, 28 secs
